// Jest Snapshot v1, https://goo.gl/fbAQLP

exports[`should render Booking 1`] = `
<div>
  Booking
</div>
`;
